// Jest Snapshot v1, https://goo.gl/fbAQLP

exports[`AuthenticationError matches the last snapshot 1`] = `[AuthenticationError: Uh-oh]`;
